FFFF                                                                     [100%]
=================================== FAILURES ===================================
_ test_scanned_http_power_alone_does_not_approve_protected_consequence[GET-https://example.com/delete-everything-] _

tmp_path = PosixPath('/private/var/folders/tz/y04t4d0900xdbmz96jp608180000gn/T/pytest-of-ross/pytest-426/test_scanned_http_power_alone_0')
method = 'GET', url = 'https://example.com/delete-everything', body = b''

    @pytest.mark.parametrize("method,url,body", [
        ("GET", "https://example.com/delete-everything", b""),
        ("HEAD", "https://example.com/start-job", b""),
        ("OPTIONS", "https://example.com/start-job", b""),
        ("PUT", "https://api.github.com/repos/acme/review/contents/result.patch",
         json.dumps({"branch": "review", "message": "reviewed change", "content": "eA=="}).encode()),
    ])
    def test_scanned_http_power_alone_does_not_approve_protected_consequence(tmp_path, method, url, body):
        # This is a capture-only executor, not a real destructive endpoint.
        (tmp_path / "agent.py").write_text(
            f"import requests\nrequests.{method.lower()}({url!r})\n"
        )
        state = State(tmp_path)
        current = discover(tmp_path, env={})
        state.approve(current)
        calls = []
        broker = ProtectedBroker(state, current)
        broker.http.close()
        broker.http = httpx.Client(transport=httpx.MockTransport(
            lambda request: calls.append(request) or httpx.Response(200, json={"fixture": True})
        ))
        try:
            result = broker.handle({
                "kind": "protected-http", "method": method, "url": url, "headers": {},
                "body": base64.b64encode(body).decode(),
            })
>           assert not result["ok"] and calls == [], {"result": result, "dispatches": len(calls)}
E           AssertionError: {'result': {'ok': True, 'response': {'status': 200, 'headers': {'content-length': '16', 'content-type': 'application/j...: 'https://example.com/delete-everything'}, 'receipt_id': 'receipt_dadf150a69f648bfbf338f017dbef774'}, 'dispatches': 1}
E           assert (not True)

tests/test_protected_provider_authority.py:40: AssertionError
----------------------------- Captured stderr call -----------------------------
AIRLOCK ALLOW http.get @ https://example.com/delete-everything [receipt_dadf150a69f648bfbf338f017dbef774]
_ test_scanned_http_power_alone_does_not_approve_protected_consequence[HEAD-https://example.com/start-job-] _

tmp_path = PosixPath('/private/var/folders/tz/y04t4d0900xdbmz96jp608180000gn/T/pytest-of-ross/pytest-426/test_scanned_http_power_alone_1')
method = 'HEAD', url = 'https://example.com/start-job', body = b''

    @pytest.mark.parametrize("method,url,body", [
        ("GET", "https://example.com/delete-everything", b""),
        ("HEAD", "https://example.com/start-job", b""),
        ("OPTIONS", "https://example.com/start-job", b""),
        ("PUT", "https://api.github.com/repos/acme/review/contents/result.patch",
         json.dumps({"branch": "review", "message": "reviewed change", "content": "eA=="}).encode()),
    ])
    def test_scanned_http_power_alone_does_not_approve_protected_consequence(tmp_path, method, url, body):
        # This is a capture-only executor, not a real destructive endpoint.
        (tmp_path / "agent.py").write_text(
            f"import requests\nrequests.{method.lower()}({url!r})\n"
        )
        state = State(tmp_path)
        current = discover(tmp_path, env={})
        state.approve(current)
        calls = []
        broker = ProtectedBroker(state, current)
        broker.http.close()
        broker.http = httpx.Client(transport=httpx.MockTransport(
            lambda request: calls.append(request) or httpx.Response(200, json={"fixture": True})
        ))
        try:
            result = broker.handle({
                "kind": "protected-http", "method": method, "url": url, "headers": {},
                "body": base64.b64encode(body).decode(),
            })
>           assert not result["ok"] and calls == [], {"result": result, "dispatches": len(calls)}
E           AssertionError: {'result': {'ok': True, 'response': {'status': 200, 'headers': {'content-length': '16', 'content-type': 'application/j...', 'url': 'https://example.com/start-job'}, 'receipt_id': 'receipt_9fd6541ccaa441aa980b341fc48d6a26'}, 'dispatches': 1}
E           assert (not True)

tests/test_protected_provider_authority.py:40: AssertionError
----------------------------- Captured stderr call -----------------------------
AIRLOCK ALLOW http.head @ https://example.com/start-job [receipt_9fd6541ccaa441aa980b341fc48d6a26]
_ test_scanned_http_power_alone_does_not_approve_protected_consequence[OPTIONS-https://example.com/start-job-] _

tmp_path = PosixPath('/private/var/folders/tz/y04t4d0900xdbmz96jp608180000gn/T/pytest-of-ross/pytest-426/test_scanned_http_power_alone_2')
method = 'OPTIONS', url = 'https://example.com/start-job', body = b''

    @pytest.mark.parametrize("method,url,body", [
        ("GET", "https://example.com/delete-everything", b""),
        ("HEAD", "https://example.com/start-job", b""),
        ("OPTIONS", "https://example.com/start-job", b""),
        ("PUT", "https://api.github.com/repos/acme/review/contents/result.patch",
         json.dumps({"branch": "review", "message": "reviewed change", "content": "eA=="}).encode()),
    ])
    def test_scanned_http_power_alone_does_not_approve_protected_consequence(tmp_path, method, url, body):
        # This is a capture-only executor, not a real destructive endpoint.
        (tmp_path / "agent.py").write_text(
            f"import requests\nrequests.{method.lower()}({url!r})\n"
        )
        state = State(tmp_path)
        current = discover(tmp_path, env={})
        state.approve(current)
        calls = []
        broker = ProtectedBroker(state, current)
        broker.http.close()
        broker.http = httpx.Client(transport=httpx.MockTransport(
            lambda request: calls.append(request) or httpx.Response(200, json={"fixture": True})
        ))
        try:
            result = broker.handle({
                "kind": "protected-http", "method": method, "url": url, "headers": {},
                "body": base64.b64encode(body).decode(),
            })
>           assert not result["ok"] and calls == [], {"result": result, "dispatches": len(calls)}
E           AssertionError: {'result': {'ok': True, 'response': {'status': 200, 'headers': {'content-length': '16', 'content-type': 'application/j...', 'url': 'https://example.com/start-job'}, 'receipt_id': 'receipt_a9d1aa7412044945b3b6fe90c1e0bc48'}, 'dispatches': 1}
E           assert (not True)

tests/test_protected_provider_authority.py:40: AssertionError
----------------------------- Captured stderr call -----------------------------
AIRLOCK ALLOW http.options @ https://example.com/start-job [receipt_a9d1aa7412044945b3b6fe90c1e0bc48]
_ test_scanned_http_power_alone_does_not_approve_protected_consequence[PUT-https://api.github.com/repos/acme/review/contents/result.patch-{"branch": "review", "message": "reviewed change", "content": "eA=="}] _

tmp_path = PosixPath('/private/var/folders/tz/y04t4d0900xdbmz96jp608180000gn/T/pytest-of-ross/pytest-426/test_scanned_http_power_alone_3')
method = 'PUT'
url = 'https://api.github.com/repos/acme/review/contents/result.patch'
body = b'{"branch": "review", "message": "reviewed change", "content": "eA=="}'

    @pytest.mark.parametrize("method,url,body", [
        ("GET", "https://example.com/delete-everything", b""),
        ("HEAD", "https://example.com/start-job", b""),
        ("OPTIONS", "https://example.com/start-job", b""),
        ("PUT", "https://api.github.com/repos/acme/review/contents/result.patch",
         json.dumps({"branch": "review", "message": "reviewed change", "content": "eA=="}).encode()),
    ])
    def test_scanned_http_power_alone_does_not_approve_protected_consequence(tmp_path, method, url, body):
        # This is a capture-only executor, not a real destructive endpoint.
        (tmp_path / "agent.py").write_text(
            f"import requests\nrequests.{method.lower()}({url!r})\n"
        )
        state = State(tmp_path)
        current = discover(tmp_path, env={})
        state.approve(current)
        calls = []
        broker = ProtectedBroker(state, current)
        broker.http.close()
        broker.http = httpx.Client(transport=httpx.MockTransport(
            lambda request: calls.append(request) or httpx.Response(200, json={"fixture": True})
        ))
        try:
            result = broker.handle({
                "kind": "protected-http", "method": method, "url": url, "headers": {},
                "body": base64.b64encode(body).decode(),
            })
>           assert not result["ok"] and calls == [], {"result": result, "dispatches": len(calls)}
E           AssertionError: {'result': {'ok': True, 'response': {'status': 200, 'headers': {'content-length': '16', 'content-type': 'application/j...4497bf', 'effect_id': 'effect_da896f4678787483f69062db0c331f7f3c425c7a1b10cf26d6c56fb370b3defd', ...}, 'dispatches': 1}
E           assert (not True)

tests/test_protected_provider_authority.py:40: AssertionError
----------------------------- Captured stderr call -----------------------------
AIRLOCK ALLOW github.contents.write @ https://api.github.com/repos/acme/review/contents/result.patch: effect AMBIGUOUS; duplicate dispatch blocked [receipt_9476ffc6f8d34371b5fe59fea34497bf]
=========================== short test summary info ============================
FAILED tests/test_protected_provider_authority.py::test_scanned_http_power_alone_does_not_approve_protected_consequence[GET-https://example.com/delete-everything-]
FAILED tests/test_protected_provider_authority.py::test_scanned_http_power_alone_does_not_approve_protected_consequence[HEAD-https://example.com/start-job-]
FAILED tests/test_protected_provider_authority.py::test_scanned_http_power_alone_does_not_approve_protected_consequence[OPTIONS-https://example.com/start-job-]
FAILED tests/test_protected_provider_authority.py::test_scanned_http_power_alone_does_not_approve_protected_consequence[PUT-https://api.github.com/repos/acme/review/contents/result.patch-{"branch": "review", "message": "reviewed change", "content": "eA=="}]
4 failed in 0.35s
