regression-before 124 

Invalid Hunk NO.0---
In @@ -90,6 +92,14 @@
                 if timeout and time.time() - start_time > timeout:
                     print("Timeout!")
                     os.killpg(os.getpgid(p.pid), signal.SIGTERM)  # Terminate the process group
+                    try:
+                        p.wait(timeout=1)  # Wait for the process to terminate
+                    except subprocess.TimeoutExpired:
+                        os.killpg(os.getpgid(p.pid), signal.SIGKILL)  # Force kill if necessary
                     raise TimeoutError()
             except KeyboardInterrupt:
                 print()
:The starting line of the diff @@ -90,6 +92,14 @@
                 if timeout and time.time() - start_time > timeout:
                     print("Timeout!")
                     os.killpg(os.getpgid(p.pid), signal.SIGTERM)  # Terminate the process group
+                    try:
+                        p.wait(timeout=1)  # Wait for the process to terminate
+                    except subprocess.TimeoutExpired:
+                        os.killpg(os.getpgid(p.pid), signal.SIGKILL)  # Force kill if necessary
                     raise TimeoutError()
             except KeyboardInterrupt:
                 print()
 does not exist in the code
---

Invalid Hunk NO.0---
In @@ -90,6 +91,14 @@
                 if timeout and time.time() - start_time > timeout:
                     print("Timeout!")
                     os.killpg(os.getpgid(p.pid), signal.SIGTERM)  # Terminate the process group
+                    try:
+                        p.wait(timeout=1)  # Wait for the process to terminate
+                    except subprocess.TimeoutExpired:
+                        os.killpg(os.getpgid(p.pid), signal.SIGKILL)  # Force kill if necessary
                     raise TimeoutError()
             except KeyboardInterrupt:
                 print()
:The starting line of the diff @@ -90,6 +91,14 @@
                 if timeout and time.time() - start_time > timeout:
                     print("Timeout!")
                     os.killpg(os.getpgid(p.pid), signal.SIGTERM)  # Terminate the process group
+                    try:
+                        p.wait(timeout=1)  # Wait for the process to terminate
+                    except subprocess.TimeoutExpired:
+                        os.killpg(os.getpgid(p.pid), signal.SIGKILL)  # Force kill if necessary
                     raise TimeoutError()
             except KeyboardInterrupt:
                 print()
 does not exist in the code
---

Invalid Hunk NO.0---
In @@ -90,6 +91,14 @@
                 if timeout and time.time() - start_time > timeout:
                     print("Timeout!")
                     os.killpg(os.getpgid(p.pid), signal.SIGTERM)  # Terminate the process group
+                    try:
+                        p.wait(timeout=1)  # Wait for the process to terminate
+                    except subprocess.TimeoutExpired:
+                        os.killpg(os.getpgid(p.pid), signal.SIGKILL)  # Force kill if necessary
                     raise TimeoutError()
             except KeyboardInterrupt:
                 print()
:The starting line of the diff @@ -90,6 +91,14 @@
                 if timeout and time.time() - start_time > timeout:
                     print("Timeout!")
                     os.killpg(os.getpgid(p.pid), signal.SIGTERM)  # Terminate the process group
+                    try:
+                        p.wait(timeout=1)  # Wait for the process to terminate
+                    except subprocess.TimeoutExpired:
+                        os.killpg(os.getpgid(p.pid), signal.SIGKILL)  # Force kill if necessary
                     raise TimeoutError()
             except KeyboardInterrupt:
                 print()
 does not exist in the code
---
regression-after 2 
==================================== ERRORS ====================================
____________ ERROR collecting test_airlock_execution_regression.py _____________
/usr/local/lib/python3.11/site-packages/_pytest/python.py:498: in importtestmodule
    mod = import_path(
/usr/local/lib/python3.11/site-packages/_pytest/pathlib.py:587: in import_path
    importlib.import_module(module_name)
/usr/local/lib/python3.11/importlib/__init__.py:126: in import_module
    return _bootstrap._gcd_import(name[level:], package, level)
           ^^^^^^^^^^^^^^^^^^^^^^^^^^^^^^^^^^^^^^^^^^^^^^^^^^^^
<frozen importlib._bootstrap>:1204: in _gcd_import
    ???
<frozen importlib._bootstrap>:1176: in _find_and_load
    ???
<frozen importlib._bootstrap>:1147: in _find_and_load_unlocked
    ???
<frozen importlib._bootstrap>:690: in _load_unlocked
    ???
/usr/local/lib/python3.11/site-packages/_pytest/assertion/rewrite.py:186: in exec_module
    exec(co, module.__dict__)
test_airlock_execution_regression.py:6: in <module>
    from gpt_engineer.core.default.disk_execution_env import DiskExecutionEnv
E     File "/workspace/gpt_engineer/core/default/disk_execution_env.py", line 103
E       stderr_full += stderr
E   IndentationError: unexpected indent
=========================== short test summary info ============================
ERROR test_airlock_execution_regression.py
!!!!!!!!!!!!!!!!!!!! Interrupted: 1 error during collection !!!!!!!!!!!!!!!!!!!!
1 error in 0.10s


Invalid Hunk NO.0---
In Hunk:@@ -100,0 +0,0 @@
                 if stderr:
                     print(stderr, end="")
                 os.waitpid(p.pid, 0)  # Reap the process
                     stderr_full += stderr
-                os.waitpid(p.pid, 0)  # Reap the process
                 if timeout and time.time() - start > timeout:
                     print("Timeout!")
                 os.waitpid(p.pid, 0)  # Reap the process
                     p.kill()
                     raise TimeoutError()
         except KeyboardInterrupt:
             print()
-                stderr_full += stderr
+                os.waitpid(p.pid, 0)  # Reap the process
+                stderr_full += stderr
                 if timeout and time.time() - start_time > timeout:
                     print("Timeout!")
                     os.killpg(os.getpgid(p.pid), signal.SIGTERM)  # Terminate the entire process group
, there was at least one mismatch.
---

Invalid Hunk NO.0---
In Hunk:@@ -102,0 +0,0 @@
                 if stderr:
                     print(stderr, end="")
                 os.waitpid(p.pid, 0)  # Reap the process
                     stderr_full += stderr
-                os.waitpid(p.pid, 0)  # Reap the process
                 if timeout and time.time() - start > timeout:
                     print("Timeout!")
                 os.waitpid(p.pid, 0)  # Reap the process
                     p.kill()
                     raise TimeoutError()
         except KeyboardInterrupt:
             print()
-                stderr_full += stderr
+                os.waitpid(p.pid, 0)  # Reap the process
+                stderr_full += stderr
                 if timeout and time.time() - start_time > timeout:
                     print("Timeout!")
                     os.killpg(os.getpgid(p.pid), signal.SIGTERM)  # Terminate the entire process group
, there was at least one mismatch.
---

Invalid Hunk NO.0---
In Hunk:@@ -103,0 +0,0 @@
                 if stderr:
                     print(stderr, end="")
                 os.waitpid(p.pid, 0)  # Reap the process
                     stderr_full += stderr
-                os.waitpid(p.pid, 0)  # Reap the process
                 if timeout and time.time() - start > timeout:
                     print("Timeout!")
                 os.waitpid(p.pid, 0)  # Reap the process
                     p.kill()
                     raise TimeoutError()
         except KeyboardInterrupt:
             print()
-                stderr_full += stderr
+                os.waitpid(p.pid, 0)  # Reap the process
+                stderr_full += stderr
                 if timeout and time.time() - start_time > timeout:
                     print("Timeout!")
                     os.killpg(os.getpgid(p.pid), signal.SIGTERM)  # Terminate the entire process group
, there was at least one mismatch.
---
regression-after 2 
==================================== ERRORS ====================================
____________ ERROR collecting test_airlock_execution_regression.py _____________
/usr/local/lib/python3.11/site-packages/_pytest/python.py:498: in importtestmodule
    mod = import_path(
/usr/local/lib/python3.11/site-packages/_pytest/pathlib.py:587: in import_path
    importlib.import_module(module_name)
/usr/local/lib/python3.11/importlib/__init__.py:126: in import_module
    return _bootstrap._gcd_import(name[level:], package, level)
           ^^^^^^^^^^^^^^^^^^^^^^^^^^^^^^^^^^^^^^^^^^^^^^^^^^^^
<frozen importlib._bootstrap>:1204: in _gcd_import
    ???
<frozen importlib._bootstrap>:1176: in _find_and_load
    ???
<frozen importlib._bootstrap>:1147: in _find_and_load_unlocked
    ???
<frozen importlib._bootstrap>:690: in _load_unlocked
    ???
/usr/local/lib/python3.11/site-packages/_pytest/assertion/rewrite.py:186: in exec_module
    exec(co, module.__dict__)
test_airlock_execution_regression.py:6: in <module>
    from gpt_engineer.core.default.disk_execution_env import DiskExecutionEnv
E     File "/workspace/gpt_engineer/core/default/disk_execution_env.py", line 107
E       stderr_full += stderr
E   IndentationError: unexpected indent
=========================== short test summary info ============================
ERROR test_airlock_execution_regression.py
!!!!!!!!!!!!!!!!!!!! Interrupted: 1 error during collection !!!!!!!!!!!!!!!!!!!!
1 error in 0.10s

WARNING:root:multiple candidates for starting index
regression-after 2 
==================================== ERRORS ====================================
____________ ERROR collecting test_airlock_execution_regression.py _____________
/usr/local/lib/python3.11/site-packages/_pytest/python.py:498: in importtestmodule
    mod = import_path(
/usr/local/lib/python3.11/site-packages/_pytest/pathlib.py:587: in import_path
    importlib.import_module(module_name)
/usr/local/lib/python3.11/importlib/__init__.py:126: in import_module
    return _bootstrap._gcd_import(name[level:], package, level)
           ^^^^^^^^^^^^^^^^^^^^^^^^^^^^^^^^^^^^^^^^^^^^^^^^^^^^
<frozen importlib._bootstrap>:1204: in _gcd_import
    ???
<frozen importlib._bootstrap>:1176: in _find_and_load
    ???
<frozen importlib._bootstrap>:1147: in _find_and_load_unlocked
    ???
<frozen importlib._bootstrap>:690: in _load_unlocked
    ???
/usr/local/lib/python3.11/site-packages/_pytest/assertion/rewrite.py:186: in exec_module
    exec(co, module.__dict__)
test_airlock_execution_regression.py:6: in <module>
    from gpt_engineer.core.default.disk_execution_env import DiskExecutionEnv
E     File "/workspace/gpt_engineer/core/default/disk_execution_env.py", line 107
E       stderr_full += stderr
E   IndentationError: unexpected indent
=========================== short test summary info ============================
ERROR test_airlock_execution_regression.py
!!!!!!!!!!!!!!!!!!!! Interrupted: 1 error during collection !!!!!!!!!!!!!!!!!!!!
1 error in 0.09s

Traceback (most recent call last):
  File "/workspace/acceptance_driver.py", line 97, in <module>
    raise AssertionError("The real agent's edits did not pass the regression suite")
AssertionError: The real agent's edits did not pass the regression suite
